00000000000i[      ] Bochs x86 Emulator 2.7
00000000000i[      ]   Built from SVN snapshot on August  1, 2021
00000000000i[      ]   Timestamp: Sun Aug  1 10:07:00 CEST 2021
00000000000i[      ] System configuration
00000000000i[      ]   processors: 1 (cores=1, HT threads=1)
00000000000i[      ]   A20 line support: yes
00000000000i[      ] IPS is set to 4000000
00000000000i[      ] CPU configuration
00000000000i[      ]   SMP support: yes, quantum=16
00000000000i[      ]   level: 6
00000000000i[      ]   APIC support: xapic
00000000000i[      ]   FPU support: yes
00000000000i[      ]   MMX support: yes
00000000000i[      ]   3dnow! support: yes
00000000000i[      ]   SEP support: yes
00000000000i[      ]   SIMD support: sse2
00000000000i[      ]   XSAVE support: no 
00000000000i[      ]   AES support: no
00000000000i[      ]   SHA support: no
00000000000i[      ]   MOVBE support: no
00000000000i[      ]   ADX support: no
00000000000i[      ]   x86-64 support: yes
00000000000i[      ]   1G paging support: no
00000000000i[      ]   MWAIT support: yes
00000000000i[      ]   VMX support: 1
00000000000i[      ]   SVM support: no
00000000000i[      ] Optimization configuration
00000000000i[      ]   RepeatSpeedups support: yes
00000000000i[      ]   Fast function calls: yes
00000000000i[      ]   Handlers Chaining speedups: no
00000000000i[      ] Devices configuration
00000000000i[      ]   PCI support: i440FX i430FX i440BX
00000000000i[      ]   Network devices support: NE2000 E1000
00000000000i[      ]   Sound support: SB16 ES1370
00000000000i[      ]   USB support: UHCI OHCI EHCI xHCI
00000000000i[      ]   VGA extension support: vbe cirrus voodoo
00000000000i[IMG   ] Disk image modules
00000000000i[IMG   ]   flat concat sparse dll growing undoable volatile vbox
00000000000i[IMG   ]   vvfat vmware3 vpc vmware4
00000000000i[NETCTL] Networking modules
00000000000i[NETCTL]   null slirp linux vde socket vnet tuntap
00000000000i[SNDCTL] Sound drivers
00000000000i[SNDCTL]   dummy alsa oss file
00000000000i[USBCTL] Pluggable USB devices
00000000000i[USBCTL]   mouse tablet keypad keyboard printer floppy hub disk
00000000000i[USBCTL]   cdrom
00000000000i[MEM0  ] allocated memory at 0x7bc09387c010. after alignment, vector=0x7bc09387d000
00000000000i[MEM0  ] 32.00MB
00000000000i[MEM0  ] mem block size = 0x00020000, blocks=256
00000000000i[MEM0  ] rom at 0xffff0000/65536 ('/usr/share/bochs/BIOS-bochs-legacy')
00000000000i[CPU0  ] WARNING: 3DNow! is not implemented yet !
00000000000i[DEV   ] will paste characters every 100 iodev timer ticks
00000000000i[      ] lt_dlhandle is 0x64691ce7ded0
00000000000i[PLUGIN] loaded plugin libbx_soundalsa.so
00000000000i[      ] lt_dlhandle is 0x64691ce910f0
00000000000i[PLUGIN] loaded plugin libbx_pci.so
00000000000i[      ] lt_dlhandle is 0x64691ce81100
00000000000i[PLUGIN] loaded plugin libbx_pci2isa.so
00000000000i[      ] lt_dlhandle is 0x64691ce82010
00000000000i[PLUGIN] loaded plugin libbx_usb_uhci.so
00000000000i[      ] lt_dlhandle is 0x64691ce9c4d0
00000000000i[PLUGIN] loaded plugin libbx_acpi.so
00000000000i[      ] lt_dlhandle is 0x64691ce9cff0
00000000000i[PLUGIN] loaded plugin libbx_hpet.so
00000000000i[      ] lt_dlhandle is 0x64691ce9de40
00000000000i[PLUGIN] loaded plugin libbx_cmos.so
00000000000i[      ] lt_dlhandle is 0x64691ce9e650
00000000000i[PLUGIN] loaded plugin libbx_dma.so
00000000000i[      ] lt_dlhandle is 0x64691ce9efc0
00000000000i[PLUGIN] loaded plugin libbx_pic.so
00000000000i[      ] lt_dlhandle is 0x64691ce9f780
00000000000i[PLUGIN] loaded plugin libbx_pit.so
00000000000i[      ] lt_dlhandle is 0x64691cea01a0
00000000000i[PLUGIN] loaded plugin libbx_vga.so
00000000000i[      ] lt_dlhandle is 0x64691cea0a20
00000000000i[PLUGIN] loaded plugin libbx_floppy.so
00000000000i[      ] lt_dlhandle is 0x64691cea15d0
00000000000i[PLUGIN] loaded plugin libbx_ioapic.so
00000000000i[      ] lt_dlhandle is 0x64691cea1f00
00000000000i[PLUGIN] loaded plugin libbx_keyboard.so
00000000000i[      ] lt_dlhandle is 0x64691cea2800
00000000000i[PLUGIN] loaded plugin libbx_harddrv.so
00000000000i[      ] lt_dlhandle is 0x64691cea48d0
00000000000i[PLUGIN] loaded plugin libbx_pci_ide.so
00000000000i[PLUGIN] init_dev of 'pci' plugin device by virtual method
00000000000i[DEV   ] i440FX PMC present at device 0, function 0
00000000000i[PLUGIN] init_dev of 'pci2isa' plugin device by virtual method
00000000000i[DEV   ] PIIX3 PCI-to-ISA bridge present at device 1, function 0
00000000000i[PLUGIN] init_dev of 'cmos' plugin device by virtual method
00000000000i[CMOS  ] Using local time for initial clock
00000000000i[CMOS  ] Setting initial clock to: Fri Oct 31 11:39:00 2025 (time0=1761881940)
00000000000i[PLUGIN] init_dev of 'dma' plugin device by virtual method
00000000000i[DMA   ] channel 4 used by cascade
00000000000i[PLUGIN] init_dev of 'pic' plugin device by virtual method
00000000000i[PLUGIN] init_dev of 'pit' plugin device by virtual method
00000000000i[PLUGIN] init_dev of 'vga' plugin device by virtual method
00000000000i[MEM0  ] Register memory access handlers: 0x0000000a0000 - 0x0000000bffff
00000000000i[VGA   ] interval=200000, mode=realtime
00000000000i[VGA   ] VSYNC using standard mode
00000000000i[MEM0  ] Register memory access handlers: 0x0000e0000000 - 0x0000e0ffffff
00000000000i[BXVGA ] VBE Bochs Display Extension Enabled
00000000000i[XGUI  ] test_alloc_colors: 16 colors available out of 16 colors tried
00000000000i[XGUI  ] font 8 wide x 16 high, display depth = 24
00000000000i[XGUI  ] maximum host resolution: x=2560 y=1390
00000000000i[MEM0  ] rom at 0xc0000/38400 ('/usr/share/bochs/VGABIOS-lgpl-latest')
00000000000i[PLUGIN] init_dev of 'floppy' plugin device by virtual method
00000000000i[DMA   ] channel 2 used by Floppy Drive
00000000000i[FLOPPY] Using boot sequence disk, none, none
00000000000i[FLOPPY] Floppy boot signature check is enabled
00000000000i[PLUGIN] init_dev of 'acpi' plugin device by virtual method
00000000000i[DEV   ] ACPI Controller present at device 1, function 3
00000000000i[PLUGIN] init_dev of 'hpet' plugin device by virtual method
00000000000i[HPET  ] initializing HPET
00000000000i[MEM0  ] Register memory access handlers: 0x0000fed00000 - 0x0000fed003ff
00000000000i[PLUGIN] init_dev of 'ioapic' plugin device by virtual method
00000000000i[IOAPIC] initializing I/O APIC
00000000000i[MEM0  ] Register memory access handlers: 0x0000fec00000 - 0x0000fec00fff
00000000000i[IOAPIC] IOAPIC enabled (base address = 0xfec00000)
00000000000i[PLUGIN] init_dev of 'keyboard' plugin device by virtual method
00000000000i[PLUGIN] init_dev of 'harddrv' plugin device by virtual method
00000000000i[HD    ] HD on ata0-0: 'disk.img', 'flat' mode
00000000000i[IMG   ] hd_size: 10485760
00000000000i[HD    ] ata0-0: autodetect geometry: CHS=20/16/63 (sector size=512)
00000000000i[HD    ] ata0-0: extra data outside of CHS address range
00000000000i[HD    ] translation on ata0-0 set to 'none'
00000000000i[PLUGIN] init_dev of 'pci_ide' plugin device by virtual method
00000000000i[DEV   ] PIIX3 PCI IDE controller present at device 1, function 1
00000000000i[PLUGIN] init_dev of 'unmapped' plugin device by virtual method
00000000000i[PLUGIN] init_dev of 'gameport' plugin device by virtual method
00000000000i[PLUGIN] init_dev of 'iodebug' plugin device by virtual method
00000000000i[PLUGIN] init_dev of 'parallel' plugin device by virtual method
00000000000i[PAR   ] parallel port 1 at 0x0378 irq 7
00000000000i[PLUGIN] init_dev of 'biosdev' plugin device by virtual method
00000000000i[PLUGIN] init_dev of 'serial' plugin device by virtual method
00000000000i[SER   ] com1 at 0x03f8 irq 4 (mode: null)
00000000000i[PLUGIN] init_dev of 'speaker' plugin device by virtual method
00000000000i[PCSPK ] Using lowlevel sound support for output
00000000000i[PLUGIN] init_dev of 'extfpuirq' plugin device by virtual method
00000000000i[PLUGIN] init_dev of 'usb_uhci' plugin device by virtual method
00000000000i[DEV   ] USB UHCI present at device 1, function 2
00000000000i[UHCI  ] USB UHCI initialized
00000000000i[PLUGIN] register state of 'pci' plugin device by virtual method
00000000000i[PLUGIN] register state of 'pci2isa' plugin device by virtual method
00000000000i[PLUGIN] register state of 'cmos' plugin device by virtual method
00000000000i[PLUGIN] register state of 'dma' plugin device by virtual method
00000000000i[PLUGIN] register state of 'pic' plugin device by virtual method
00000000000i[PLUGIN] register state of 'pit' plugin device by virtual method
00000000000i[PLUGIN] register state of 'vga' plugin device by virtual method
00000000000i[PLUGIN] register state of 'floppy' plugin device by virtual method
00000000000i[PLUGIN] register state of 'unmapped' plugin device by virtual method
00000000000i[PLUGIN] register state of 'gameport' plugin device by virtual method
00000000000i[PLUGIN] register state of 'iodebug' plugin device by virtual method
00000000000i[PLUGIN] register state of 'parallel' plugin device by virtual method
00000000000i[PLUGIN] register state of 'biosdev' plugin device by virtual method
00000000000i[PLUGIN] register state of 'serial' plugin device by virtual method
00000000000i[PLUGIN] register state of 'speaker' plugin device by virtual method
00000000000i[PLUGIN] register state of 'extfpuirq' plugin device by virtual method
00000000000i[PLUGIN] register state of 'usb_uhci' plugin device by virtual method
00000000000i[PLUGIN] register state of 'acpi' plugin device by virtual method
00000000000i[PLUGIN] register state of 'hpet' plugin device by virtual method
00000000000i[PLUGIN] register state of 'ioapic' plugin device by virtual method
00000000000i[PLUGIN] register state of 'keyboard' plugin device by virtual method
00000000000i[PLUGIN] register state of 'harddrv' plugin device by virtual method
00000000000i[PLUGIN] register state of 'pci_ide' plugin device by virtual method
00000000000i[SYS   ] bx_pc_system_c::Reset(HARDWARE) called
00000000000i[CPU0  ] cpu hardware reset
00000000000i[APIC0 ] allocate APIC id=0 (MMIO enabled) to 0x0000fee00000
00000000000i[CPU0  ] CPU[0] is the bootstrap processor
00000000000i[CPU0  ] CPUID[0x00000000]: 00000005 68747541 444d4163 69746e65
00000000000i[CPU0  ] CPUID[0x00000001]: 00000633 00010800 00002028 17cbfbff
00000000000i[CPU0  ] CPUID[0x00000002]: 00000000 00000000 00000000 00000000
00000000000i[CPU0  ] CPUID[0x00000003]: 00000000 00000000 00000000 00000000
00000000000i[CPU0  ] CPUID[0x00000004]: 00000000 00000000 00000000 00000000
00000000000i[CPU0  ] CPUID[0x00000005]: 00000040 00000040 00000003 00000020
00000000000i[CPU0  ] CPUID[0x80000000]: 80000008 68747541 444d4163 69746e65
00000000000i[CPU0  ] CPUID[0x80000001]: 00000633 00000000 00000101 ebd3f3ff
00000000000i[CPU0  ] CPUID[0x80000002]: 20444d41 6c687441 74286e6f 7020296d
00000000000i[CPU0  ] CPUID[0x80000003]: 65636f72 726f7373 00000000 00000000
00000000000i[CPU0  ] CPUID[0x80000004]: 00000000 00000000 00000000 00000000
00000000000i[CPU0  ] CPUID[0x80000005]: 01ff01ff 01ff01ff 40020140 40020140
00000000000i[CPU0  ] CPUID[0x80000006]: 00000000 42004200 02008140 00000000
00000000000i[CPU0  ] CPUID[0x80000007]: 00000000 00000000 00000000 00000000
00000000000i[CPU0  ] CPUID[0x80000008]: 00003028 00000000 00000000 00000000
00000000000i[CPU0  ] CPU Features supported:
00000000000i[CPU0  ] 		x87
00000000000i[CPU0  ] 		486ni
00000000000i[CPU0  ] 		pentium_ni
00000000000i[CPU0  ] 		p6ni
00000000000i[CPU0  ] 		mmx
00000000000i[CPU0  ] 		3dnow!
00000000000i[CPU0  ] 		debugext
00000000000i[CPU0  ] 		vme
00000000000i[CPU0  ] 		pse
00000000000i[CPU0  ] 		pae
00000000000i[CPU0  ] 		pge
00000000000i[CPU0  ] 		pse36
00000000000i[CPU0  ] 		mtrr
00000000000i[CPU0  ] 		pat
00000000000i[CPU0  ] 		sysenter_sysexit
00000000000i[CPU0  ] 		clflush
00000000000i[CPU0  ] 		sse
00000000000i[CPU0  ] 		sse2
00000000000i[CPU0  ] 		mwait
00000000000i[CPU0  ] 		vmx
00000000000i[CPU0  ] 		longmode
00000000000i[CPU0  ] 		lm_lahf_sahf
00000000000i[CPU0  ] 		nx
00000000000i[CPU0  ] 		cmpxhg16b
00000000000i[CPU0  ] 		rdtscp
00000000000i[CPU0  ] 		ffxsr
00000000000i[CPU0  ] 		xapic
00000000000i[PLUGIN] reset of 'pci' plugin device by virtual method
00000000000i[PLUGIN] reset of 'pci2isa' plugin device by virtual method
00000000000i[PLUGIN] reset of 'cmos' plugin device by virtual method
00000000000i[PLUGIN] reset of 'dma' plugin device by virtual method
00000000000i[PLUGIN] reset of 'pic' plugin device by virtual method
00000000000i[PLUGIN] reset of 'pit' plugin device by virtual method
00000000000i[PLUGIN] reset of 'vga' plugin device by virtual method
00000000000i[PLUGIN] reset of 'floppy' plugin device by virtual method
00000000000i[PLUGIN] reset of 'acpi' plugin device by virtual method
00000000000i[PLUGIN] reset of 'hpet' plugin device by virtual method
00000000000i[PLUGIN] reset of 'ioapic' plugin device by virtual method
00000000000i[PLUGIN] reset of 'keyboard' plugin device by virtual method
00000000000i[PLUGIN] reset of 'harddrv' plugin device by virtual method
00000000000i[PLUGIN] reset of 'pci_ide' plugin device by virtual method
00000000000i[PLUGIN] reset of 'unmapped' plugin device by virtual method
00000000000i[PLUGIN] reset of 'gameport' plugin device by virtual method
00000000000i[PLUGIN] reset of 'iodebug' plugin device by virtual method
00000000000i[PLUGIN] reset of 'parallel' plugin device by virtual method
00000000000i[PLUGIN] reset of 'biosdev' plugin device by virtual method
00000000000i[PLUGIN] reset of 'serial' plugin device by virtual method
00000000000i[PLUGIN] reset of 'speaker' plugin device by virtual method
00000000000i[PLUGIN] reset of 'extfpuirq' plugin device by virtual method
00000000000i[PLUGIN] reset of 'usb_uhci' plugin device by virtual method
00000000000i[      ] set SIGINT handler to bx_debug_ctrlc_handler
00000004662i[BIOS  ] $Revision: 14314 $ $Date: 2021-07-14 18:10:19 +0200 (Mi, 14. Jul 2021) $
00000318056i[KBD   ] reset-disable command received
00000320695i[PIDE  ] BAR #4: i/o base address = 0xc000
00000320922i[UHCI  ] BAR #4: i/o base address = 0xc100
00000326757i[P2ISA ] PCI IRQ routing: PIRQD# set to 0x0b
00000326773i[P2ISA ] write: ELCR2 = 0x08
00000326793i[UHCI  ] new IRQ line = 11
00000326858i[P2ISA ] PCI IRQ routing: PIRQA# set to 0x0a
00000326874i[P2ISA ] write: ELCR2 = 0x0c
00000326894i[ACPI  ] new IRQ line = 10
00000445194i[VBIOS ] VGABios $Id: vgabios.c 288 2021-05-28 19:05:28Z vruppert $
00000445265i[BXVGA ] VBE known Display Interface b0c0
00000445297i[BXVGA ] VBE known Display Interface b0c5
00000447940i[VBIOS ] VBE Bios $Id: vbe.c 292 2021-06-03 12:24:22Z vruppert $
00000607012i[XGUI  ] charmap update. Font is 9 x 16
00000674548i[BIOS  ] ata0-0: PCHS=20/16/63 translation=none LCHS=20/16/63
00004108512i[BIOS  ] IDE time out
00016080298i[BIOS  ] Booting from 0000:7c00
00188524913i[      ] Ctrl-C detected in signal handler.
00188524914i[CPU0  ] CPU is in protected mode (active)
00188524914i[CPU0  ] CS.mode = 32 bit
00188524914i[CPU0  ] SS.mode = 32 bit
00188524914i[CPU0  ] EFER   = 0x00000000
00188524914i[CPU0  ] | EAX=00000020  EBX=000007d0  ECX=0000022b  EDX=000003d5
00188524914i[CPU0  ] | ESP=00000fbe  EBP=00000000  ESI=00000b4a  EDI=00000aaa
00188524914i[CPU0  ] | IOPL=0 id vip vif ac vm rf nt of df if tf sf ZF af PF cf
00188524914i[CPU0  ] | SEG sltr(index|ti|rpl)     base    limit G D
00188524914i[CPU0  ] |  CS:0028( 0005| 0|  0) 80040018 00000417 0 1
00188524914i[CPU0  ] |  DS:0020( 0004| 0|  0) 800b8000 00007fff 0 1
00188524914i[CPU0  ] |  SS:0024( 0004| 1|  0) 00000ea0 00000fff 1 1
00188524914i[CPU0  ] |  ES:0020( 0004| 0|  0) 800b8000 00007fff 0 1
00188524914i[CPU0  ] |  FS:0007( 0000| 1|  3) 000000a0 00000527 0 1
00188524914i[CPU0  ] |  GS:0000( 0000| 0|  0) 00000000 0000ffff 0 0
00188524914i[CPU0  ] | EIP=00000082 (00000082)
00188524914i[CPU0  ] | CR0=0xe0000019 CR2=0x00000000
00188524914i[CPU0  ] | CR3=0x0003d000 CR4=0x00000000
